../Core/Src/ad7175_driver.c:22:20:small_delay	16	static
../Core/Src/ad7175_driver.c:27:12:spi_txrx	40	static
../Core/Src/ad7175_driver.c:41:12:spi_tx	24	static
../Core/Src/ad7175_driver.c:55:13:AD7175_ReconfigureSPI	8	static
../Core/Src/ad7175_driver.c:68:12:reg_write	24	static
../Core/Src/ad7175_driver.c:76:12:reg_read	32	static
../Core/Src/ad7175_driver.c:88:6:AD7175_Reset	16	static
../Core/Src/ad7175_driver.c:98:12:wait_drdy	24	static
../Core/Src/ad7175_driver.c:110:12:ad7175_select_page	24	static
../Core/Src/ad7175_driver.c:119:6:AD7175_Init	208	static
../Core/Src/ad7175_driver.c:184:9:AD7175_ReadRaw	32	static
../Core/Src/ad7175_driver.c:197:10:AD7175_RawUnsigned	16	static
../Core/Src/ad7175_driver.c:203:8:AD7175_ConvertToMilliVolts	32	static
